// Jest Snapshot v1, https://goo.gl/fbAQLP

exports[`<LightContainer /> renders correctly 1`] = `
Array [
  <div
    id="#test"
  >
    Light-Bright App
    <div
      className="light-controls"
    >
      <button
        className="control-button"
        onClick={[Function]}
      >
        Reset all
      </button>
      <button
        className="control-button"
        onClick={[Function]}
      >
        Reset
      </button>
    </div>
  </div>,
  <div
    className="lights-container"
    onMouseDown={[Function]}
    onMouseLeave={[Function]}
    onMouseUp={[Function]}
  >
    <div
      className="light"
      data-testid="light0"
      onDoubleClick={[Function]}
      onMouseDown={[Function]}
      onMouseEnter={[Function]}
      style={
        Object {
          "backgroundColor": "grey",
        }
      }
    />
    <div
      className="light"
      data-testid="light1"
      onDoubleClick={[Function]}
      onMouseDown={[Function]}
      onMouseEnter={[Function]}
      style={
        Object {
          "backgroundColor": "grey",
        }
      }
    />
    <div
      className="light"
      data-testid="light2"
      onDoubleClick={[Function]}
      onMouseDown={[Function]}
      onMouseEnter={[Function]}
      style={
        Object {
          "backgroundColor": "grey",
        }
      }
    />
    <div
      className="light"
      data-testid="light3"
      onDoubleClick={[Function]}
      onMouseDown={[Function]}
      onMouseEnter={[Function]}
      style={
        Object {
          "backgroundColor": "grey",
        }
      }
    />
    <div
      className="light"
      data-testid="light4"
      onDoubleClick={[Function]}
      onMouseDown={[Function]}
      onMouseEnter={[Function]}
      style={
        Object {
          "backgroundColor": "grey",
        }
      }
    />
    <div
      className="light"
      data-testid="light5"
      onDoubleClick={[Function]}
      onMouseDown={[Function]}
      onMouseEnter={[Function]}
      style={
        Object {
          "backgroundColor": "grey",
        }
      }
    />
    <div
      className="light"
      data-testid="light6"
      onDoubleClick={[Function]}
      onMouseDown={[Function]}
      onMouseEnter={[Function]}
      style={
        Object {
          "backgroundColor": "grey",
        }
      }
    />
    <div
      className="light"
      data-testid="light7"
      onDoubleClick={[Function]}
      onMouseDown={[Function]}
      onMouseEnter={[Function]}
      style={
        Object {
          "backgroundColor": "grey",
        }
      }
    />
    <div
      className="light"
      data-testid="light8"
      onDoubleClick={[Function]}
      onMouseDown={[Function]}
      onMouseEnter={[Function]}
      style={
        Object {
          "backgroundColor": "grey",
        }
      }
    />
    <div
      className="light"
      data-testid="light9"
      onDoubleClick={[Function]}
      onMouseDown={[Function]}
      onMouseEnter={[Function]}
      style={
        Object {
          "backgroundColor": "grey",
        }
      }
    />
    <div
      className="light"
      data-testid="light10"
      onDoubleClick={[Function]}
      onMouseDown={[Function]}
      onMouseEnter={[Function]}
      style={
        Object {
          "backgroundColor": "grey",
        }
      }
    />
    <div
      className="light"
      data-testid="light11"
      onDoubleClick={[Function]}
      onMouseDown={[Function]}
      onMouseEnter={[Function]}
      style={
        Object {
          "backgroundColor": "grey",
        }
      }
    />
    <div
      className="light"
      data-testid="light12"
      onDoubleClick={[Function]}
      onMouseDown={[Function]}
      onMouseEnter={[Function]}
      style={
        Object {
          "backgroundColor": "grey",
        }
      }
    />
    <div
      className="light"
      data-testid="light13"
      onDoubleClick={[Function]}
      onMouseDown={[Function]}
      onMouseEnter={[Function]}
      style={
        Object {
          "backgroundColor": "grey",
        }
      }
    />
    <div
      className="light"
      data-testid="light14"
      onDoubleClick={[Function]}
      onMouseDown={[Function]}
      onMouseEnter={[Function]}
      style={
        Object {
          "backgroundColor": "grey",
        }
      }
    />
    <div
      className="light"
      data-testid="light15"
      onDoubleClick={[Function]}
      onMouseDown={[Function]}
      onMouseEnter={[Function]}
      style={
        Object {
          "backgroundColor": "grey",
        }
      }
    />
    <div
      className="light"
      data-testid="light16"
      onDoubleClick={[Function]}
      onMouseDown={[Function]}
      onMouseEnter={[Function]}
      style={
        Object {
          "backgroundColor": "grey",
        }
      }
    />
    <div
      className="light"
      data-testid="light17"
      onDoubleClick={[Function]}
      onMouseDown={[Function]}
      onMouseEnter={[Function]}
      style={
        Object {
          "backgroundColor": "grey",
        }
      }
    />
    <div
      className="light"
      data-testid="light18"
      onDoubleClick={[Function]}
      onMouseDown={[Function]}
      onMouseEnter={[Function]}
      style={
        Object {
          "backgroundColor": "grey",
        }
      }
    />
    <div
      className="light"
      data-testid="light19"
      onDoubleClick={[Function]}
      onMouseDown={[Function]}
      onMouseEnter={[Function]}
      style={
        Object {
          "backgroundColor": "grey",
        }
      }
    />
    <div
      className="light"
      data-testid="light20"
      onDoubleClick={[Function]}
      onMouseDown={[Function]}
      onMouseEnter={[Function]}
      style={
        Object {
          "backgroundColor": "grey",
        }
      }
    />
    <div
      className="light"
      data-testid="light21"
      onDoubleClick={[Function]}
      onMouseDown={[Function]}
      onMouseEnter={[Function]}
      style={
        Object {
          "backgroundColor": "grey",
        }
      }
    />
    <div
      className="light"
      data-testid="light22"
      onDoubleClick={[Function]}
      onMouseDown={[Function]}
      onMouseEnter={[Function]}
      style={
        Object {
          "backgroundColor": "grey",
        }
      }
    />
    <div
      className="light"
      data-testid="light23"
      onDoubleClick={[Function]}
      onMouseDown={[Function]}
      onMouseEnter={[Function]}
      style={
        Object {
          "backgroundColor": "grey",
        }
      }
    />
    <div
      className="light"
      data-testid="light24"
      onDoubleClick={[Function]}
      onMouseDown={[Function]}
      onMouseEnter={[Function]}
      style={
        Object {
          "backgroundColor": "grey",
        }
      }
    />
    <div
      className="light"
      data-testid="light25"
      onDoubleClick={[Function]}
      onMouseDown={[Function]}
      onMouseEnter={[Function]}
      style={
        Object {
          "backgroundColor": "grey",
        }
      }
    />
    <div
      className="light"
      data-testid="light26"
      onDoubleClick={[Function]}
      onMouseDown={[Function]}
      onMouseEnter={[Function]}
      style={
        Object {
          "backgroundColor": "grey",
        }
      }
    />
    <div
      className="light"
      data-testid="light27"
      onDoubleClick={[Function]}
      onMouseDown={[Function]}
      onMouseEnter={[Function]}
      style={
        Object {
          "backgroundColor": "grey",
        }
      }
    />
    <div
      className="light"
      data-testid="light28"
      onDoubleClick={[Function]}
      onMouseDown={[Function]}
      onMouseEnter={[Function]}
      style={
        Object {
          "backgroundColor": "grey",
        }
      }
    />
    <div
      className="light"
      data-testid="light29"
      onDoubleClick={[Function]}
      onMouseDown={[Function]}
      onMouseEnter={[Function]}
      style={
        Object {
          "backgroundColor": "grey",
        }
      }
    />
    <div
      className="light"
      data-testid="light30"
      onDoubleClick={[Function]}
      onMouseDown={[Function]}
      onMouseEnter={[Function]}
      style={
        Object {
          "backgroundColor": "grey",
        }
      }
    />
    <div
      className="light"
      data-testid="light31"
      onDoubleClick={[Function]}
      onMouseDown={[Function]}
      onMouseEnter={[Function]}
      style={
        Object {
          "backgroundColor": "grey",
        }
      }
    />
    <div
      className="light"
      data-testid="light32"
      onDoubleClick={[Function]}
      onMouseDown={[Function]}
      onMouseEnter={[Function]}
      style={
        Object {
          "backgroundColor": "grey",
        }
      }
    />
    <div
      className="light"
      data-testid="light33"
      onDoubleClick={[Function]}
      onMouseDown={[Function]}
      onMouseEnter={[Function]}
      style={
        Object {
          "backgroundColor": "grey",
        }
      }
    />
    <div
      className="light"
      data-testid="light34"
      onDoubleClick={[Function]}
      onMouseDown={[Function]}
      onMouseEnter={[Function]}
      style={
        Object {
          "backgroundColor": "grey",
        }
      }
    />
    <div
      className="light"
      data-testid="light35"
      onDoubleClick={[Function]}
      onMouseDown={[Function]}
      onMouseEnter={[Function]}
      style={
        Object {
          "backgroundColor": "grey",
        }
      }
    />
    <div
      className="light"
      data-testid="light36"
      onDoubleClick={[Function]}
      onMouseDown={[Function]}
      onMouseEnter={[Function]}
      style={
        Object {
          "backgroundColor": "grey",
        }
      }
    />
    <div
      className="light"
      data-testid="light37"
      onDoubleClick={[Function]}
      onMouseDown={[Function]}
      onMouseEnter={[Function]}
      style={
        Object {
          "backgroundColor": "grey",
        }
      }
    />
    <div
      className="light"
      data-testid="light38"
      onDoubleClick={[Function]}
      onMouseDown={[Function]}
      onMouseEnter={[Function]}
      style={
        Object {
          "backgroundColor": "grey",
        }
      }
    />
    <div
      className="light"
      data-testid="light39"
      onDoubleClick={[Function]}
      onMouseDown={[Function]}
      onMouseEnter={[Function]}
      style={
        Object {
          "backgroundColor": "grey",
        }
      }
    />
    <div
      className="light"
      data-testid="light40"
      onDoubleClick={[Function]}
      onMouseDown={[Function]}
      onMouseEnter={[Function]}
      style={
        Object {
          "backgroundColor": "grey",
        }
      }
    />
    <div
      className="light"
      data-testid="light41"
      onDoubleClick={[Function]}
      onMouseDown={[Function]}
      onMouseEnter={[Function]}
      style={
        Object {
          "backgroundColor": "grey",
        }
      }
    />
    <div
      className="light"
      data-testid="light42"
      onDoubleClick={[Function]}
      onMouseDown={[Function]}
      onMouseEnter={[Function]}
      style={
        Object {
          "backgroundColor": "grey",
        }
      }
    />
    <div
      className="light"
      data-testid="light43"
      onDoubleClick={[Function]}
      onMouseDown={[Function]}
      onMouseEnter={[Function]}
      style={
        Object {
          "backgroundColor": "grey",
        }
      }
    />
    <div
      className="light"
      data-testid="light44"
      onDoubleClick={[Function]}
      onMouseDown={[Function]}
      onMouseEnter={[Function]}
      style={
        Object {
          "backgroundColor": "grey",
        }
      }
    />
    <div
      className="light"
      data-testid="light45"
      onDoubleClick={[Function]}
      onMouseDown={[Function]}
      onMouseEnter={[Function]}
      style={
        Object {
          "backgroundColor": "grey",
        }
      }
    />
    <div
      className="light"
      data-testid="light46"
      onDoubleClick={[Function]}
      onMouseDown={[Function]}
      onMouseEnter={[Function]}
      style={
        Object {
          "backgroundColor": "grey",
        }
      }
    />
    <div
      className="light"
      data-testid="light47"
      onDoubleClick={[Function]}
      onMouseDown={[Function]}
      onMouseEnter={[Function]}
      style={
        Object {
          "backgroundColor": "grey",
        }
      }
    />
    <div
      className="light"
      data-testid="light48"
      onDoubleClick={[Function]}
      onMouseDown={[Function]}
      onMouseEnter={[Function]}
      style={
        Object {
          "backgroundColor": "grey",
        }
      }
    />
    <div
      className="light"
      data-testid="light49"
      onDoubleClick={[Function]}
      onMouseDown={[Function]}
      onMouseEnter={[Function]}
      style={
        Object {
          "backgroundColor": "grey",
        }
      }
    />
    <div
      className="light"
      data-testid="light50"
      onDoubleClick={[Function]}
      onMouseDown={[Function]}
      onMouseEnter={[Function]}
      style={
        Object {
          "backgroundColor": "grey",
        }
      }
    />
    <div
      className="light"
      data-testid="light51"
      onDoubleClick={[Function]}
      onMouseDown={[Function]}
      onMouseEnter={[Function]}
      style={
        Object {
          "backgroundColor": "grey",
        }
      }
    />
    <div
      className="light"
      data-testid="light52"
      onDoubleClick={[Function]}
      onMouseDown={[Function]}
      onMouseEnter={[Function]}
      style={
        Object {
          "backgroundColor": "grey",
        }
      }
    />
    <div
      className="light"
      data-testid="light53"
      onDoubleClick={[Function]}
      onMouseDown={[Function]}
      onMouseEnter={[Function]}
      style={
        Object {
          "backgroundColor": "grey",
        }
      }
    />
    <div
      className="light"
      data-testid="light54"
      onDoubleClick={[Function]}
      onMouseDown={[Function]}
      onMouseEnter={[Function]}
      style={
        Object {
          "backgroundColor": "grey",
        }
      }
    />
    <div
      className="light"
      data-testid="light55"
      onDoubleClick={[Function]}
      onMouseDown={[Function]}
      onMouseEnter={[Function]}
      style={
        Object {
          "backgroundColor": "grey",
        }
      }
    />
    <div
      className="light"
      data-testid="light56"
      onDoubleClick={[Function]}
      onMouseDown={[Function]}
      onMouseEnter={[Function]}
      style={
        Object {
          "backgroundColor": "grey",
        }
      }
    />
    <div
      className="light"
      data-testid="light57"
      onDoubleClick={[Function]}
      onMouseDown={[Function]}
      onMouseEnter={[Function]}
      style={
        Object {
          "backgroundColor": "grey",
        }
      }
    />
    <div
      className="light"
      data-testid="light58"
      onDoubleClick={[Function]}
      onMouseDown={[Function]}
      onMouseEnter={[Function]}
      style={
        Object {
          "backgroundColor": "grey",
        }
      }
    />
    <div
      className="light"
      data-testid="light59"
      onDoubleClick={[Function]}
      onMouseDown={[Function]}
      onMouseEnter={[Function]}
      style={
        Object {
          "backgroundColor": "grey",
        }
      }
    />
    <div
      className="light"
      data-testid="light60"
      onDoubleClick={[Function]}
      onMouseDown={[Function]}
      onMouseEnter={[Function]}
      style={
        Object {
          "backgroundColor": "grey",
        }
      }
    />
    <div
      className="light"
      data-testid="light61"
      onDoubleClick={[Function]}
      onMouseDown={[Function]}
      onMouseEnter={[Function]}
      style={
        Object {
          "backgroundColor": "grey",
        }
      }
    />
    <div
      className="light"
      data-testid="light62"
      onDoubleClick={[Function]}
      onMouseDown={[Function]}
      onMouseEnter={[Function]}
      style={
        Object {
          "backgroundColor": "grey",
        }
      }
    />
    <div
      className="light"
      data-testid="light63"
      onDoubleClick={[Function]}
      onMouseDown={[Function]}
      onMouseEnter={[Function]}
      style={
        Object {
          "backgroundColor": "grey",
        }
      }
    />
    <div
      className="light"
      data-testid="light64"
      onDoubleClick={[Function]}
      onMouseDown={[Function]}
      onMouseEnter={[Function]}
      style={
        Object {
          "backgroundColor": "grey",
        }
      }
    />
    <div
      className="light"
      data-testid="light65"
      onDoubleClick={[Function]}
      onMouseDown={[Function]}
      onMouseEnter={[Function]}
      style={
        Object {
          "backgroundColor": "grey",
        }
      }
    />
    <div
      className="light"
      data-testid="light66"
      onDoubleClick={[Function]}
      onMouseDown={[Function]}
      onMouseEnter={[Function]}
      style={
        Object {
          "backgroundColor": "grey",
        }
      }
    />
    <div
      className="light"
      data-testid="light67"
      onDoubleClick={[Function]}
      onMouseDown={[Function]}
      onMouseEnter={[Function]}
      style={
        Object {
          "backgroundColor": "grey",
        }
      }
    />
    <div
      className="light"
      data-testid="light68"
      onDoubleClick={[Function]}
      onMouseDown={[Function]}
      onMouseEnter={[Function]}
      style={
        Object {
          "backgroundColor": "grey",
        }
      }
    />
    <div
      className="light"
      data-testid="light69"
      onDoubleClick={[Function]}
      onMouseDown={[Function]}
      onMouseEnter={[Function]}
      style={
        Object {
          "backgroundColor": "grey",
        }
      }
    />
    <div
      className="light"
      data-testid="light70"
      onDoubleClick={[Function]}
      onMouseDown={[Function]}
      onMouseEnter={[Function]}
      style={
        Object {
          "backgroundColor": "grey",
        }
      }
    />
    <div
      className="light"
      data-testid="light71"
      onDoubleClick={[Function]}
      onMouseDown={[Function]}
      onMouseEnter={[Function]}
      style={
        Object {
          "backgroundColor": "grey",
        }
      }
    />
    <div
      className="light"
      data-testid="light72"
      onDoubleClick={[Function]}
      onMouseDown={[Function]}
      onMouseEnter={[Function]}
      style={
        Object {
          "backgroundColor": "grey",
        }
      }
    />
    <div
      className="light"
      data-testid="light73"
      onDoubleClick={[Function]}
      onMouseDown={[Function]}
      onMouseEnter={[Function]}
      style={
        Object {
          "backgroundColor": "grey",
        }
      }
    />
    <div
      className="light"
      data-testid="light74"
      onDoubleClick={[Function]}
      onMouseDown={[Function]}
      onMouseEnter={[Function]}
      style={
        Object {
          "backgroundColor": "grey",
        }
      }
    />
    <div
      className="light"
      data-testid="light75"
      onDoubleClick={[Function]}
      onMouseDown={[Function]}
      onMouseEnter={[Function]}
      style={
        Object {
          "backgroundColor": "grey",
        }
      }
    />
    <div
      className="light"
      data-testid="light76"
      onDoubleClick={[Function]}
      onMouseDown={[Function]}
      onMouseEnter={[Function]}
      style={
        Object {
          "backgroundColor": "grey",
        }
      }
    />
    <div
      className="light"
      data-testid="light77"
      onDoubleClick={[Function]}
      onMouseDown={[Function]}
      onMouseEnter={[Function]}
      style={
        Object {
          "backgroundColor": "grey",
        }
      }
    />
    <div
      className="light"
      data-testid="light78"
      onDoubleClick={[Function]}
      onMouseDown={[Function]}
      onMouseEnter={[Function]}
      style={
        Object {
          "backgroundColor": "grey",
        }
      }
    />
    <div
      className="light"
      data-testid="light79"
      onDoubleClick={[Function]}
      onMouseDown={[Function]}
      onMouseEnter={[Function]}
      style={
        Object {
          "backgroundColor": "grey",
        }
      }
    />
    <div
      className="light"
      data-testid="light80"
      onDoubleClick={[Function]}
      onMouseDown={[Function]}
      onMouseEnter={[Function]}
      style={
        Object {
          "backgroundColor": "grey",
        }
      }
    />
    <div
      className="light"
      data-testid="light81"
      onDoubleClick={[Function]}
      onMouseDown={[Function]}
      onMouseEnter={[Function]}
      style={
        Object {
          "backgroundColor": "grey",
        }
      }
    />
    <div
      className="light"
      data-testid="light82"
      onDoubleClick={[Function]}
      onMouseDown={[Function]}
      onMouseEnter={[Function]}
      style={
        Object {
          "backgroundColor": "grey",
        }
      }
    />
    <div
      className="light"
      data-testid="light83"
      onDoubleClick={[Function]}
      onMouseDown={[Function]}
      onMouseEnter={[Function]}
      style={
        Object {
          "backgroundColor": "grey",
        }
      }
    />
    <div
      className="light"
      data-testid="light84"
      onDoubleClick={[Function]}
      onMouseDown={[Function]}
      onMouseEnter={[Function]}
      style={
        Object {
          "backgroundColor": "grey",
        }
      }
    />
    <div
      className="light"
      data-testid="light85"
      onDoubleClick={[Function]}
      onMouseDown={[Function]}
      onMouseEnter={[Function]}
      style={
        Object {
          "backgroundColor": "grey",
        }
      }
    />
    <div
      className="light"
      data-testid="light86"
      onDoubleClick={[Function]}
      onMouseDown={[Function]}
      onMouseEnter={[Function]}
      style={
        Object {
          "backgroundColor": "grey",
        }
      }
    />
    <div
      className="light"
      data-testid="light87"
      onDoubleClick={[Function]}
      onMouseDown={[Function]}
      onMouseEnter={[Function]}
      style={
        Object {
          "backgroundColor": "grey",
        }
      }
    />
    <div
      className="light"
      data-testid="light88"
      onDoubleClick={[Function]}
      onMouseDown={[Function]}
      onMouseEnter={[Function]}
      style={
        Object {
          "backgroundColor": "grey",
        }
      }
    />
    <div
      className="light"
      data-testid="light89"
      onDoubleClick={[Function]}
      onMouseDown={[Function]}
      onMouseEnter={[Function]}
      style={
        Object {
          "backgroundColor": "grey",
        }
      }
    />
    <div
      className="light"
      data-testid="light90"
      onDoubleClick={[Function]}
      onMouseDown={[Function]}
      onMouseEnter={[Function]}
      style={
        Object {
          "backgroundColor": "grey",
        }
      }
    />
    <div
      className="light"
      data-testid="light91"
      onDoubleClick={[Function]}
      onMouseDown={[Function]}
      onMouseEnter={[Function]}
      style={
        Object {
          "backgroundColor": "grey",
        }
      }
    />
    <div
      className="light"
      data-testid="light92"
      onDoubleClick={[Function]}
      onMouseDown={[Function]}
      onMouseEnter={[Function]}
      style={
        Object {
          "backgroundColor": "grey",
        }
      }
    />
    <div
      className="light"
      data-testid="light93"
      onDoubleClick={[Function]}
      onMouseDown={[Function]}
      onMouseEnter={[Function]}
      style={
        Object {
          "backgroundColor": "grey",
        }
      }
    />
    <div
      className="light"
      data-testid="light94"
      onDoubleClick={[Function]}
      onMouseDown={[Function]}
      onMouseEnter={[Function]}
      style={
        Object {
          "backgroundColor": "grey",
        }
      }
    />
    <div
      className="light"
      data-testid="light95"
      onDoubleClick={[Function]}
      onMouseDown={[Function]}
      onMouseEnter={[Function]}
      style={
        Object {
          "backgroundColor": "grey",
        }
      }
    />
    <div
      className="light"
      data-testid="light96"
      onDoubleClick={[Function]}
      onMouseDown={[Function]}
      onMouseEnter={[Function]}
      style={
        Object {
          "backgroundColor": "grey",
        }
      }
    />
    <div
      className="light"
      data-testid="light97"
      onDoubleClick={[Function]}
      onMouseDown={[Function]}
      onMouseEnter={[Function]}
      style={
        Object {
          "backgroundColor": "grey",
        }
      }
    />
    <div
      className="light"
      data-testid="light98"
      onDoubleClick={[Function]}
      onMouseDown={[Function]}
      onMouseEnter={[Function]}
      style={
        Object {
          "backgroundColor": "grey",
        }
      }
    />
    <div
      className="light"
      data-testid="light99"
      onDoubleClick={[Function]}
      onMouseDown={[Function]}
      onMouseEnter={[Function]}
      style={
        Object {
          "backgroundColor": "grey",
        }
      }
    />
    <div
      className="light"
      data-testid="light100"
      onDoubleClick={[Function]}
      onMouseDown={[Function]}
      onMouseEnter={[Function]}
      style={
        Object {
          "backgroundColor": "grey",
        }
      }
    />
    <div
      className="light"
      data-testid="light101"
      onDoubleClick={[Function]}
      onMouseDown={[Function]}
      onMouseEnter={[Function]}
      style={
        Object {
          "backgroundColor": "grey",
        }
      }
    />
    <div
      className="light"
      data-testid="light102"
      onDoubleClick={[Function]}
      onMouseDown={[Function]}
      onMouseEnter={[Function]}
      style={
        Object {
          "backgroundColor": "grey",
        }
      }
    />
    <div
      className="light"
      data-testid="light103"
      onDoubleClick={[Function]}
      onMouseDown={[Function]}
      onMouseEnter={[Function]}
      style={
        Object {
          "backgroundColor": "grey",
        }
      }
    />
    <div
      className="light"
      data-testid="light104"
      onDoubleClick={[Function]}
      onMouseDown={[Function]}
      onMouseEnter={[Function]}
      style={
        Object {
          "backgroundColor": "grey",
        }
      }
    />
    <div
      className="light"
      data-testid="light105"
      onDoubleClick={[Function]}
      onMouseDown={[Function]}
      onMouseEnter={[Function]}
      style={
        Object {
          "backgroundColor": "grey",
        }
      }
    />
    <div
      className="light"
      data-testid="light106"
      onDoubleClick={[Function]}
      onMouseDown={[Function]}
      onMouseEnter={[Function]}
      style={
        Object {
          "backgroundColor": "grey",
        }
      }
    />
    <div
      className="light"
      data-testid="light107"
      onDoubleClick={[Function]}
      onMouseDown={[Function]}
      onMouseEnter={[Function]}
      style={
        Object {
          "backgroundColor": "grey",
        }
      }
    />
    <div
      className="light"
      data-testid="light108"
      onDoubleClick={[Function]}
      onMouseDown={[Function]}
      onMouseEnter={[Function]}
      style={
        Object {
          "backgroundColor": "grey",
        }
      }
    />
    <div
      className="light"
      data-testid="light109"
      onDoubleClick={[Function]}
      onMouseDown={[Function]}
      onMouseEnter={[Function]}
      style={
        Object {
          "backgroundColor": "grey",
        }
      }
    />
    <div
      className="light"
      data-testid="light110"
      onDoubleClick={[Function]}
      onMouseDown={[Function]}
      onMouseEnter={[Function]}
      style={
        Object {
          "backgroundColor": "grey",
        }
      }
    />
    <div
      className="light"
      data-testid="light111"
      onDoubleClick={[Function]}
      onMouseDown={[Function]}
      onMouseEnter={[Function]}
      style={
        Object {
          "backgroundColor": "grey",
        }
      }
    />
    <div
      className="light"
      data-testid="light112"
      onDoubleClick={[Function]}
      onMouseDown={[Function]}
      onMouseEnter={[Function]}
      style={
        Object {
          "backgroundColor": "grey",
        }
      }
    />
    <div
      className="light"
      data-testid="light113"
      onDoubleClick={[Function]}
      onMouseDown={[Function]}
      onMouseEnter={[Function]}
      style={
        Object {
          "backgroundColor": "grey",
        }
      }
    />
    <div
      className="light"
      data-testid="light114"
      onDoubleClick={[Function]}
      onMouseDown={[Function]}
      onMouseEnter={[Function]}
      style={
        Object {
          "backgroundColor": "grey",
        }
      }
    />
    <div
      className="light"
      data-testid="light115"
      onDoubleClick={[Function]}
      onMouseDown={[Function]}
      onMouseEnter={[Function]}
      style={
        Object {
          "backgroundColor": "grey",
        }
      }
    />
    <div
      className="light"
      data-testid="light116"
      onDoubleClick={[Function]}
      onMouseDown={[Function]}
      onMouseEnter={[Function]}
      style={
        Object {
          "backgroundColor": "grey",
        }
      }
    />
    <div
      className="light"
      data-testid="light117"
      onDoubleClick={[Function]}
      onMouseDown={[Function]}
      onMouseEnter={[Function]}
      style={
        Object {
          "backgroundColor": "grey",
        }
      }
    />
    <div
      className="light"
      data-testid="light118"
      onDoubleClick={[Function]}
      onMouseDown={[Function]}
      onMouseEnter={[Function]}
      style={
        Object {
          "backgroundColor": "grey",
        }
      }
    />
    <div
      className="light"
      data-testid="light119"
      onDoubleClick={[Function]}
      onMouseDown={[Function]}
      onMouseEnter={[Function]}
      style={
        Object {
          "backgroundColor": "grey",
        }
      }
    />
    <div
      className="light"
      data-testid="light120"
      onDoubleClick={[Function]}
      onMouseDown={[Function]}
      onMouseEnter={[Function]}
      style={
        Object {
          "backgroundColor": "grey",
        }
      }
    />
    <div
      className="light"
      data-testid="light121"
      onDoubleClick={[Function]}
      onMouseDown={[Function]}
      onMouseEnter={[Function]}
      style={
        Object {
          "backgroundColor": "grey",
        }
      }
    />
    <div
      className="light"
      data-testid="light122"
      onDoubleClick={[Function]}
      onMouseDown={[Function]}
      onMouseEnter={[Function]}
      style={
        Object {
          "backgroundColor": "grey",
        }
      }
    />
    <div
      className="light"
      data-testid="light123"
      onDoubleClick={[Function]}
      onMouseDown={[Function]}
      onMouseEnter={[Function]}
      style={
        Object {
          "backgroundColor": "grey",
        }
      }
    />
    <div
      className="light"
      data-testid="light124"
      onDoubleClick={[Function]}
      onMouseDown={[Function]}
      onMouseEnter={[Function]}
      style={
        Object {
          "backgroundColor": "grey",
        }
      }
    />
    <div
      className="light"
      data-testid="light125"
      onDoubleClick={[Function]}
      onMouseDown={[Function]}
      onMouseEnter={[Function]}
      style={
        Object {
          "backgroundColor": "grey",
        }
      }
    />
    <div
      className="light"
      data-testid="light126"
      onDoubleClick={[Function]}
      onMouseDown={[Function]}
      onMouseEnter={[Function]}
      style={
        Object {
          "backgroundColor": "grey",
        }
      }
    />
    <div
      className="light"
      data-testid="light127"
      onDoubleClick={[Function]}
      onMouseDown={[Function]}
      onMouseEnter={[Function]}
      style={
        Object {
          "backgroundColor": "grey",
        }
      }
    />
    <div
      className="light"
      data-testid="light128"
      onDoubleClick={[Function]}
      onMouseDown={[Function]}
      onMouseEnter={[Function]}
      style={
        Object {
          "backgroundColor": "grey",
        }
      }
    />
    <div
      className="light"
      data-testid="light129"
      onDoubleClick={[Function]}
      onMouseDown={[Function]}
      onMouseEnter={[Function]}
      style={
        Object {
          "backgroundColor": "grey",
        }
      }
    />
    <div
      className="light"
      data-testid="light130"
      onDoubleClick={[Function]}
      onMouseDown={[Function]}
      onMouseEnter={[Function]}
      style={
        Object {
          "backgroundColor": "grey",
        }
      }
    />
    <div
      className="light"
      data-testid="light131"
      onDoubleClick={[Function]}
      onMouseDown={[Function]}
      onMouseEnter={[Function]}
      style={
        Object {
          "backgroundColor": "grey",
        }
      }
    />
    <div
      className="light"
      data-testid="light132"
      onDoubleClick={[Function]}
      onMouseDown={[Function]}
      onMouseEnter={[Function]}
      style={
        Object {
          "backgroundColor": "grey",
        }
      }
    />
    <div
      className="light"
      data-testid="light133"
      onDoubleClick={[Function]}
      onMouseDown={[Function]}
      onMouseEnter={[Function]}
      style={
        Object {
          "backgroundColor": "grey",
        }
      }
    />
    <div
      className="light"
      data-testid="light134"
      onDoubleClick={[Function]}
      onMouseDown={[Function]}
      onMouseEnter={[Function]}
      style={
        Object {
          "backgroundColor": "grey",
        }
      }
    />
    <div
      className="light"
      data-testid="light135"
      onDoubleClick={[Function]}
      onMouseDown={[Function]}
      onMouseEnter={[Function]}
      style={
        Object {
          "backgroundColor": "grey",
        }
      }
    />
    <div
      className="light"
      data-testid="light136"
      onDoubleClick={[Function]}
      onMouseDown={[Function]}
      onMouseEnter={[Function]}
      style={
        Object {
          "backgroundColor": "grey",
        }
      }
    />
    <div
      className="light"
      data-testid="light137"
      onDoubleClick={[Function]}
      onMouseDown={[Function]}
      onMouseEnter={[Function]}
      style={
        Object {
          "backgroundColor": "grey",
        }
      }
    />
    <div
      className="light"
      data-testid="light138"
      onDoubleClick={[Function]}
      onMouseDown={[Function]}
      onMouseEnter={[Function]}
      style={
        Object {
          "backgroundColor": "grey",
        }
      }
    />
    <div
      className="light"
      data-testid="light139"
      onDoubleClick={[Function]}
      onMouseDown={[Function]}
      onMouseEnter={[Function]}
      style={
        Object {
          "backgroundColor": "grey",
        }
      }
    />
    <div
      className="light"
      data-testid="light140"
      onDoubleClick={[Function]}
      onMouseDown={[Function]}
      onMouseEnter={[Function]}
      style={
        Object {
          "backgroundColor": "grey",
        }
      }
    />
    <div
      className="light"
      data-testid="light141"
      onDoubleClick={[Function]}
      onMouseDown={[Function]}
      onMouseEnter={[Function]}
      style={
        Object {
          "backgroundColor": "grey",
        }
      }
    />
    <div
      className="light"
      data-testid="light142"
      onDoubleClick={[Function]}
      onMouseDown={[Function]}
      onMouseEnter={[Function]}
      style={
        Object {
          "backgroundColor": "grey",
        }
      }
    />
    <div
      className="light"
      data-testid="light143"
      onDoubleClick={[Function]}
      onMouseDown={[Function]}
      onMouseEnter={[Function]}
      style={
        Object {
          "backgroundColor": "grey",
        }
      }
    />
  </div>,
]
`;
