// Jest Snapshot v1, https://goo.gl/fbAQLP

exports[`<LightControls /> renders correctly 1`] = `
<div
  className="light-controls"
>
  <button
    className="control-button"
    onClick={[MockFunction]}
  >
    Reset all
  </button>
  <button
    className="control-button"
    onClick={[MockFunction]}
  >
    Reset
  </button>
</div>
`;
